1001010
10010100
100101000
1000100010
10001000100
100010001000
1000010001000
10000100010000
100001000100000
1000001000001000
10000010000010000
100000100000100000
1000000100000100000
10000001000001000000
100000010000010000000
1000000010000000100000
10000000100000001000000
100000001000000010000000
1000000001000000010000000
10000000010000000100000000
100000000100000001000000000
1000000000100000000010000000
10000000001000000000100000000
100000000010000000001000000000
1000000000010000000001000000000
10000000000100000000010000000000
100000000001000000000100000000000
1000000000001000000000001000000000
10000000000010000000000010000000000
100000000000100000000000100000000000
1000000000000100000000000100000000000
10000000000001000000000001000000000000
100000000000010000000000010000000000000
1000000000000010000000000000100000000000
10000000000000100000000000001000000000000
100000000000001000000000000010000000000000
1000000000000001000000000000010000000000000
10000000000000010000000000000100000000000000
100000000000000100000000000001000000000000000
1000000000000000100000000000000010000000000000
10000000000000001000000000000000100000000000000
100000000000000010000000000000001000000000000000
1000000000000000010000000000000001000000000000000
10000000000000000100000000000000010000000000000000
